
This line was appended.